<html>
<body>
<pre>
<h1>µVision Build Log</h1>
<h2>Tool Versions:</h2>
IDE-Version: µVision V5.38.0.0
Copyright (C) 2022 ARM Ltd and ARM Germany GmbH. All rights reserved.
License Information: deep lad, nirma university, LIC=----
 
Tool Versions:
Toolchain:       MDK-Lite  Version: 5.38.0.0
Toolchain Path:  C:\Keil_v5\ARM\ARMCLANG\Bin
C Compiler:      ArmClang.exe V6.19
Assembler:       Armasm.exe V6.19
Linker/Locator:  ArmLink.exe V6.19
Library Manager: ArmAr.exe V6.19
Hex Converter:   FromElf.exe V6.19
CPU DLL:         SARMCM3.DLL V5.38.0.0
Dialog DLL:      DCM.DLL V1.17.5.0
Target DLL:      UL2CM3.DLL V1.164.8.0
Dialog DLL:      TCM.DLL V1.56.4.0
 
<h2>Project:</h2>
D:\GitHub\DigiPot\DigiPot.uvprojx
Project File Date:  07/05/2023

<h2>Output:</h2>
*** Using Compiler 'V6.19', folder: 'C:\Keil_v5\ARM\ARMCLANG\Bin'
Build target 'Target 1'
main.c(1): warning: In file included from...
C:/Users/deepl/AppData/Local/Arm/Packs/Keil/STM32F1xx_DFP/2.4.0/Device/Include\stm32f10x.h(18): warning: invalid UTF-8 in comment [-Winvalid-utf8]
  *              - To use or not the peripheral<92>s drivers in application code(i.e. 
                                               ^
C:/Users/deepl/AppData/Local/Arm/Packs/Keil/STM32F1xx_DFP/2.4.0/Device/Include\stm32f10x.h(19): warning: invalid UTF-8 in comment [-Winvalid-utf8]
  *                code will be based on direct access to peripheral<92>s registers 
                                                                    ^
C:/Users/deepl/AppData/Local/Arm/Packs/Keil/STM32F1xx_DFP/2.4.0/Device/Include\stm32f10x.h(26): warning: invalid UTF-8 in comment [-Winvalid-utf8]
  *           - Macros to access peripheral<92>s registers hardware
                                           ^
3 warnings generated.
compiling main.c...
stm32f103xx_spi.c(12): warning: In file included from...
./stm32f103xx_spi.h(12): warning: In file included from...
C:/Users/deepl/AppData/Local/Arm/Packs/Keil/STM32F1xx_DFP/2.4.0/Device/Include\stm32f10x.h(18): warning: invalid UTF-8 in comment [-Winvalid-utf8]
  *              - To use or not the peripheral<92>s drivers in application code(i.e. 
                                               ^
C:/Users/deepl/AppData/Local/Arm/Packs/Keil/STM32F1xx_DFP/2.4.0/Device/Include\stm32f10x.h(19): warning: invalid UTF-8 in comment [-Winvalid-utf8]
  *                code will be based on direct access to peripheral<92>s registers 
                                                                    ^
C:/Users/deepl/AppData/Local/Arm/Packs/Keil/STM32F1xx_DFP/2.4.0/Device/Include\stm32f10x.h(26): warning: invalid UTF-8 in comment [-Winvalid-utf8]
  *           - Macros to access peripheral<92>s registers hardware
                                           ^
stm32f103xx_spi.c(65): warning: cast from 'uint8_t *' (aka 'unsigned char *') to 'uint16_t *' (aka 'unsigned short *') increases required alignment from 1 to 2 [-Wcast-align]
                        pSPIx->DR =   *((uint16_t*)pTxBuffer);
                                        ^~~~~~~~~~~~~~~~~~~~
stm32f103xx_spi.c(68): warning: cast from 'uint8_t *' (aka 'unsigned char *') to 'uint16_t *' (aka 'unsigned short *') increases required alignment from 1 to 2 [-Wcast-align]
                        (uint16_t*)pTxBuffer++;
                        ^~~~~~~~~~~~~~~~~~~~~~
stm32f103xx_spi.c(68): warning: expression result unused [-Wunused-value]
                        (uint16_t*)pTxBuffer++;
                        ^          ~~~~~~~~~~~
stm32f103xx_spi.c(90): warning: cast from 'uint8_t *' (aka 'unsigned char *') to 'uint16_t *' (aka 'unsigned short *') increases required alignment from 1 to 2 [-Wcast-align]
                                 *((uint16_t*)pRxBuffer) = pSPIx->DR ;
                                   ^~~~~~~~~~~~~~~~~~~~
stm32f103xx_spi.c(93): warning: cast from 'uint8_t *' (aka 'unsigned char *') to 'uint16_t *' (aka 'unsigned short *') increases required alignment from 1 to 2 [-Wcast-align]
                                (uint16_t*)pRxBuffer++;
                                ^~~~~~~~~~~~~~~~~~~~~~
stm32f103xx_spi.c(97): warning: implicit conversion loses integer precision: 'volatile uint16_t' (aka 'volatile unsigned short') to 'uint8_t' (aka 'unsigned char') [-Wimplicit-int-conversion]
                                *(pRxBuffer) = pSPIx->DR ;
                                             ~ ~~~~~~~^~
stm32f103xx_spi.c(93): warning: expression result unused [-Wunused-value]
                                (uint16_t*)pRxBuffer++;
                                ^          ~~~~~~~~~~~
10 warnings generated.
compiling stm32f103xx_spi.c...
MCP41010.c(1): warning: In file included from...
C:/Users/deepl/AppData/Local/Arm/Packs/Keil/STM32F1xx_DFP/2.4.0/Device/Include\stm32f10x.h(18): warning: invalid UTF-8 in comment [-Winvalid-utf8]
  *              - To use or not the peripheral<92>s drivers in application code(i.e. 
                                               ^
C:/Users/deepl/AppData/Local/Arm/Packs/Keil/STM32F1xx_DFP/2.4.0/Device/Include\stm32f10x.h(19): warning: invalid UTF-8 in comment [-Winvalid-utf8]
  *                code will be based on direct access to peripheral<92>s registers 
                                                                    ^
C:/Users/deepl/AppData/Local/Arm/Packs/Keil/STM32F1xx_DFP/2.4.0/Device/Include\stm32f10x.h(26): warning: invalid UTF-8 in comment [-Winvalid-utf8]
  *           - Macros to access peripheral<92>s registers hardware
                                           ^
MCP41010.c(48): warning: mixing declarations and code is incompatible with standards before C99 [-Wdeclaration-after-statement]
        uint16_t data1=(CMD_WRITE_DATA<<4)+val1;
                 ^
MCP41010.c(81): warning: mixing declarations and code is incompatible with standards before C99 [-Wdeclaration-after-statement]
        uint16_t data=(CMD_SHDN<<4);
                 ^
5 warnings generated.
compiling MCP41010.c...
RTE/Device/STM32F103C8/system_stm32f10x.c(64): warning: In file included from...
C:/Users/deepl/AppData/Local/Arm/Packs/Keil/STM32F1xx_DFP/2.4.0/Device/Include\stm32f10x.h(18): warning: invalid UTF-8 in comment [-Winvalid-utf8]
  *              - To use or not the peripheral<92>s drivers in application code(i.e. 
                                               ^
C:/Users/deepl/AppData/Local/Arm/Packs/Keil/STM32F1xx_DFP/2.4.0/Device/Include\stm32f10x.h(19): warning: invalid UTF-8 in comment [-Winvalid-utf8]
  *                code will be based on direct access to peripheral<92>s registers 
                                                                    ^
C:/Users/deepl/AppData/Local/Arm/Packs/Keil/STM32F1xx_DFP/2.4.0/Device/Include\stm32f10x.h(26): warning: invalid UTF-8 in comment [-Winvalid-utf8]
  *           - Macros to access peripheral<92>s registers hardware
                                           ^
RTE/Device/STM32F103C8/system_stm32f10x.c(166): warning: no previous extern declaration for non-static variable 'AHBPrescTable' [-Wmissing-variable-declarations]
__I uint8_t AHBPrescTable[16] = {0, 0, 0, 0, 0, 0, 0, 0, 1, 2, 3, 4, 6, 7, 8, 9};
            ^
RTE/Device/STM32F103C8/system_stm32f10x.c(166): note: declare 'static' if the variable is not intended to be used outside of this translation unit
__I uint8_t AHBPrescTable[16] = {0, 0, 0, 0, 0, 0, 0, 0, 1, 2, 3, 4, 6, 7, 8, 9};
    ^
4 warnings generated.
compiling system_stm32f10x.c...
stm32f10x_GPIO.c(1): warning: In file included from...
./stm32f10x_GPIO.h(4): warning: In file included from...
C:/Users/deepl/AppData/Local/Arm/Packs/Keil/STM32F1xx_DFP/2.4.0/Device/Include\stm32f10x.h(18): warning: invalid UTF-8 in comment [-Winvalid-utf8]
  *              - To use or not the peripheral<92>s drivers in application code(i.e. 
                                               ^
C:/Users/deepl/AppData/Local/Arm/Packs/Keil/STM32F1xx_DFP/2.4.0/Device/Include\stm32f10x.h(19): warning: invalid UTF-8 in comment [-Winvalid-utf8]
  *                code will be based on direct access to peripheral<92>s registers 
                                                                    ^
C:/Users/deepl/AppData/Local/Arm/Packs/Keil/STM32F1xx_DFP/2.4.0/Device/Include\stm32f10x.h(26): warning: invalid UTF-8 in comment [-Winvalid-utf8]
  *           - Macros to access peripheral<92>s registers hardware
                                           ^
stm32f10x_GPIO.c(45): warning: implicit conversion changes signedness: 'int' to 'unsigned int' [-Wsign-conversion]
                        RCC->APB2ENR&=~(1<<2);
                                    ~~^~~~~~~
stm32f10x_GPIO.c(48): warning: implicit conversion changes signedness: 'int' to 'unsigned int' [-Wsign-conversion]
                        RCC->APB2ENR&=~(1<<3);
                                    ~~^~~~~~~
stm32f10x_GPIO.c(51): warning: implicit conversion changes signedness: 'int' to 'unsigned int' [-Wsign-conversion]
                        RCC->APB2ENR&=~(1<<4);
                                    ~~^~~~~~~
stm32f10x_GPIO.c(54): warning: implicit conversion changes signedness: 'int' to 'unsigned int' [-Wsign-conversion]
                        RCC->APB2ENR&=~(1<<5);
                                    ~~^~~~~~~
stm32f10x_GPIO.c(81): warning: implicit conversion changes signedness: 'int' to 'unsigned int' [-Wsign-conversion]
                        pGPIOHandle->pGPIOx->CRH&=~(3<<((temp*4)+2));
                                                ~~^~~~~~~~~~~~~~~~~~
stm32f10x_GPIO.c(84): warning: implicit conversion changes signedness: 'int' to 'unsigned int' [-Wsign-conversion]
                        pGPIOHandle->pGPIOx->CRH&=~(3<<((temp*4)+2));
                                                ~~^~~~~~~~~~~~~~~~~~
stm32f10x_GPIO.c(63): warning: mixing declarations and code is incompatible with standards before C99 [-Wdeclaration-after-statement]
        uint32_t temp=0;
                 ^
stm32f10x_GPIO.c(93): warning: implicit conversion changes signedness: 'int' to 'unsigned int' [-Wsign-conversion]
                GPIOA_REG_RESET();
                ^~~~~~~~~~~~~~~~~
./stm32f10x_GPIO.h(66): note: expanded from macro 'GPIOA_REG_RESET'
#define GPIOA_REG_RESET()      do{(RCC->APB2RSTR |=(1<<2));(RCC->APB2RSTR &=~(1<<2));}while(0)
                                                                          ~~^~~~~~~
stm32f10x_GPIO.c(95): warning: using the result of an assignment as a condition without parentheses [-Wparentheses]
        else if(pGPIOx=GPIOB){
                ~~~~~~^~~~~~
stm32f10x_GPIO.c(95): note: place parentheses around the assignment to silence this warning
        else if(pGPIOx=GPIOB){
                      ^
                (           )
stm32f10x_GPIO.c(95): note: use '==' to turn this assignment into an equality comparison
        else if(pGPIOx=GPIOB){
                      ^
                      ==
stm32f10x_GPIO.c(96): warning: implicit conversion changes signedness: 'int' to 'unsigned int' [-Wsign-conversion]
                GPIOB_REG_RESET();
                ^~~~~~~~~~~~~~~~~
./stm32f10x_GPIO.h(67): note: expanded from macro 'GPIOB_REG_RESET'
#define GPIOB_REG_RESET()      do{(RCC->APB2RSTR |=(1<<3));(RCC->APB2RSTR &=~(1<<3));}while(0)
                                                                          ~~^~~~~~~
stm32f10x_GPIO.c(99): warning: implicit conversion changes signedness: 'int' to 'unsigned int' [-Wsign-conversion]
                GPIOC_REG_RESET();
                ^~~~~~~~~~~~~~~~~
./stm32f10x_GPIO.h(68): note: expanded from macro 'GPIOC_REG_RESET'
#define GPIOC_REG_RESET()      do{(RCC->APB2RSTR |=(1<<4));(RCC->APB2RSTR &=~(1<<4));}while(0)
                                                                          ~~^~~~~~~
stm32f10x_GPIO.c(155): warning: comparison between pointer and integer ('uint32_t' (aka 'unsigned int') and 'GPIO_TypeDef *') [-Wpointer-integer-compare]
        uint32_t port_code = GPIOBASEADDR_TO_PORTCODE(*pGPIOx);
                             ^~~~~~~~~~~~~~~~~~~~~~~~~~~~~~~~~
./stm32f10x_GPIO.h(14): note: expanded from macro 'GPIOBASEADDR_TO_PORTCODE'
#define GPIOBASEADDR_TO_PORTCODE(x)                     (((x)==GPIOA)?0:((x)==GPIOB)?1:((x)==GPIOC)?2:((x)==GPIOD)?3:0)
                                                          ~~~^ ~~~~~
stm32f10x_GPIO.c(155): warning: comparison between pointer and integer ('uint32_t' (aka 'unsigned int') and 'GPIO_TypeDef *') [-Wpointer-integer-compare]
        uint32_t port_code = GPIOBASEADDR_TO_PORTCODE(*pGPIOx);
                             ^~~~~~~~~~~~~~~~~~~~~~~~~~~~~~~~~
./stm32f10x_GPIO.h(14): note: expanded from macro 'GPIOBASEADDR_TO_PORTCODE'
#define GPIOBASEADDR_TO_PORTCODE(x)                     (((x)==GPIOA)?0:((x)==GPIOB)?1:((x)==GPIOC)?2:((x)==GPIOD)?3:0)
                                                                         ~~~^ ~~~~~
stm32f10x_GPIO.c(155): warning: comparison between pointer and integer ('uint32_t' (aka 'unsigned int') and 'GPIO_TypeDef *') [-Wpointer-integer-compare]
        uint32_t port_code = GPIOBASEADDR_TO_PORTCODE(*pGPIOx);
                             ^~~~~~~~~~~~~~~~~~~~~~~~~~~~~~~~~
./stm32f10x_GPIO.h(14): note: expanded from macro 'GPIOBASEADDR_TO_PORTCODE'
#define GPIOBASEADDR_TO_PORTCODE(x)                     (((x)==GPIOA)?0:((x)==GPIOB)?1:((x)==GPIOC)?2:((x)==GPIOD)?3:0)
                                                                                        ~~~^ ~~~~~
stm32f10x_GPIO.c(155): warning: comparison between pointer and integer ('uint32_t' (aka 'unsigned int') and 'GPIO_TypeDef *') [-Wpointer-integer-compare]
        uint32_t port_code = GPIOBASEADDR_TO_PORTCODE(*pGPIOx);
                             ^~~~~~~~~~~~~~~~~~~~~~~~~~~~~~~~~
./stm32f10x_GPIO.h(14): note: expanded from macro 'GPIOBASEADDR_TO_PORTCODE'
#define GPIOBASEADDR_TO_PORTCODE(x)                     (((x)==GPIOA)?0:((x)==GPIOB)?1:((x)==GPIOC)?2:((x)==GPIOD)?3:0)
                                                                                                       ~~~^ ~~~~~
stm32f10x_GPIO.c(155): warning: mixing declarations and code is incompatible with standards before C99 [-Wdeclaration-after-statement]
        uint32_t port_code = GPIOBASEADDR_TO_PORTCODE(*pGPIOx);
                 ^
19 warnings generated.
compiling stm32f10x_GPIO.c...
linking...
Program Size: Code=2256 RO-data=252 RW-data=0 ZI-data=1632  
".\Objects\stm32f103xx_spi.axf" - 0 Error(s), 41 Warning(s).

<h2>Software Packages used:</h2>

Package Vendor: ARM
                http://www.keil.com/pack/ARM.CMSIS.5.9.0.pack
                ARM.CMSIS.5.9.0
                CMSIS (Common Microcontroller Software Interface Standard)
   * Component: CORE Version: 5.6.0

Package Vendor: Keil
                http://www.keil.com/pack/Keil.STM32F1xx_DFP.2.4.0.pack
                Keil.STM32F1xx_DFP.2.4.0
                STMicroelectronics STM32F1 Series Device Support, Drivers and Examples
   * Component: Startup Version: 1.0.0

<h2>Collection of Component include folders:</h2>
  ./RTE/Device/STM32F103C8
  ./RTE/_Target_1
  C:/Users/deepl/AppData/Local/Arm/Packs/ARM/CMSIS/5.9.0/CMSIS/Core/Include
  C:/Users/deepl/AppData/Local/Arm/Packs/Keil/STM32F1xx_DFP/2.4.0/Device/Include

<h2>Collection of Component Files used:</h2>

   * Component: ARM::CMSIS:CORE:5.6.0

   * Component: Keil::Device:Startup:1.0.0
      Source file:   Device/Source/ARM/startup_stm32f10x_md.s
      Source file:   Device/Source/system_stm32f10x.c
      Include file:  RTE_Driver/Config/RTE_Device.h
      Source file:   Device/Source/ARM/STM32F1xx_OPT.s
Build Time Elapsed:  00:00:01
</pre>
</body>
</html>
